// Jest Snapshot v1, https://goo.gl/fbAQLP

exports[`AsProgram HOC renders to snapshot correctly 1`] = `
<WrapperComponent
  closeProgramByWindowId={[Function]}
  closeProgramsByProgramId={[Function]}
  openProgram={[Function]}
  store={
    Object {
      "clearActions": [Function],
      "dispatch": [Function],
      "getActions": [Function],
      "getState": [Function],
      "replaceReducer": [Function],
      "subscribe": [Function],
    }
  }
/>
`;
